// Jest Snapshot v1, https://goo.gl/fbAQLP

exports[`balance delta mutations applyCreditedMutation writes available += amount 1`] = `"INSERT INTO user_balance (user_address, asset, available, used_as_collateral, flagged_at, applied_by_tx_hash, applied_by_log_index, applied_by_block_hash, applied_by_block_number, updated_at) VALUES ($1, $2, $3::numeric, false, 0, $4, $5, $6, $7, now()) ON CONFLICT (user_address, asset) DO UPDATE SET available = user_balance.available + EXCLUDED.available, applied_by_tx_hash = EXCLUDED.applied_by_tx_hash, applied_by_log_index = EXCLUDED.applied_by_log_index, applied_by_block_hash = EXCLUDED.applied_by_block_hash, applied_by_block_number = EXCLUDED.applied_by_block_number, updated_at = now()"`;

exports[`balance delta mutations applyDebitedMutation writes a negative delta 1`] = `"INSERT INTO user_balance (user_address, asset, available, used_as_collateral, flagged_at, applied_by_tx_hash, applied_by_log_index, applied_by_block_hash, applied_by_block_number, updated_at) VALUES ($1, $2, $3::numeric, false, 0, $4, $5, $6, $7, now()) ON CONFLICT (user_address, asset) DO UPDATE SET available = user_balance.available + EXCLUDED.available, applied_by_tx_hash = EXCLUDED.applied_by_tx_hash, applied_by_log_index = EXCLUDED.applied_by_log_index, applied_by_block_hash = EXCLUDED.applied_by_block_hash, applied_by_block_number = EXCLUDED.applied_by_block_number, updated_at = now()"`;

exports[`collateral flag mutation applyCollateralFlagSetMutation writes flag + flagged_at verbatim 1`] = `"INSERT INTO user_balance (user_address, asset, used_as_collateral, flagged_at, applied_by_tx_hash, applied_by_log_index, applied_by_block_hash, applied_by_block_number, updated_at) VALUES ($1, $2, $3, $4, $5, $6, $7, $8, now()) ON CONFLICT (user_address, asset) DO UPDATE SET used_as_collateral = EXCLUDED.used_as_collateral, flagged_at = EXCLUDED.flagged_at, applied_by_tx_hash = EXCLUDED.applied_by_tx_hash, applied_by_log_index = EXCLUDED.applied_by_log_index, applied_by_block_hash = EXCLUDED.applied_by_block_hash, applied_by_block_number = EXCLUDED.applied_by_block_number, updated_at = now()"`;

exports[`position mutations applyBorrowPositionCreatedMutation upserts a borrow position 1`] = `"INSERT INTO borrow_position (market_id, borrower, principal, debt, rate, applied_by_tx_hash, applied_by_log_index, applied_by_block_hash, applied_by_block_number, updated_at) VALUES ($1, $2, $3::numeric, $4::numeric, $5::numeric, $6, $7, $8, $9, now()) ON CONFLICT (market_id, borrower) DO UPDATE SET principal = borrow_position.principal + EXCLUDED.principal, debt = borrow_position.debt + EXCLUDED.debt, rate = EXCLUDED.rate, applied_by_tx_hash = EXCLUDED.applied_by_tx_hash, applied_by_log_index = EXCLUDED.applied_by_log_index, applied_by_block_hash = EXCLUDED.applied_by_block_hash, applied_by_block_number = EXCLUDED.applied_by_block_number, updated_at = now()"`;

exports[`position mutations applyLendPositionCreatedMutation upserts a lend position 1`] = `"INSERT INTO lend_position (market_id, lender, bond_token, cbt_balance, principal, rate, applied_by_tx_hash, applied_by_log_index, applied_by_block_hash, applied_by_block_number, updated_at) VALUES ($1, $2, $3, $4::numeric, $5::numeric, $6::numeric, $7, $8, $9, $10, now()) ON CONFLICT (market_id, lender) DO UPDATE SET bond_token = EXCLUDED.bond_token, cbt_balance = lend_position.cbt_balance + EXCLUDED.cbt_balance, principal = lend_position.principal + EXCLUDED.principal, rate = EXCLUDED.rate, applied_by_tx_hash = EXCLUDED.applied_by_tx_hash, applied_by_log_index = EXCLUDED.applied_by_log_index, applied_by_block_hash = EXCLUDED.applied_by_block_hash, applied_by_block_number = EXCLUDED.applied_by_block_number, updated_at = now()"`;

exports[`position mutations applyLendPositionWithdrawnMutation decrements cbt + principal 1`] = `"UPDATE lend_position SET cbt_balance = GREATEST(cbt_balance - $3::numeric, 0), principal = GREATEST(principal - $4::numeric, 0), applied_by_tx_hash = $5, applied_by_log_index = $6, applied_by_block_hash = $7, applied_by_block_number = $8, updated_at = now() WHERE market_id = $1 AND lender = $2 AND cbt_balance > 0"`;

exports[`position mutations applyRepaidMutation decrements debt floored at 0 1`] = `"UPDATE borrow_position SET debt = GREATEST(debt - $3::numeric, 0), applied_by_tx_hash = $4, applied_by_log_index = $5, applied_by_block_hash = $6, applied_by_block_number = $7, updated_at = now() WHERE market_id = $1 AND borrower = $2 AND debt > 0"`;
